
Compiling lib\main.dart for the Web...                          
flutter : Target 
dart2js failed: 
ProcessException: 
Process exited 
abnormally with 
exit code 1:
No linha:1 
caractere:1
+ flutter build 
web --no-pub > 
build_errors.txt 
2>&1
+ ~~~~~~~~~~~~~~~~
~~~~~~~~~~~~~~~~~~
~~~~~~~~~~~~~~~~
    + CategoryInf 
   o          :   
  NotSpecified:   
  (Target dart    
2js ...th exi    
t code 1::Str    
ing) [], Remo    
teException
    + FullyQualif 
   iedErrorId :   
  NativeCommand   
 Error
 
lib/features/setti
ngs/presentation/s
creens/settings_sc
reen.dart:281:62:
Error: Member not 
found: 
'secondary'.
          
leading: 
Icon(acc.icon, 
size: 18, color: A
ppColors.secondary
),
                  
                  
                  
       ^^^^^^^^^
lib/features/setti
ngs/presentation/s
creens/settings_sc
reen.dart:314:85:
Error: No named 
parameter with 
the name 
'borderSide'.
              
shape: RoundedRect
angleBorder(border
Radius: BorderRadi
us.circular(8), 
borderSide: 
BorderSide(color: 
Colors.grey[200]!)
),
                  
                  
                  
                  
            
^^^^^^^^^^
/C:/src/flutter/pa
ckages/flutter/lib
/src/painting/roun
ded_rectangle_bord
er.dart:33:9:
Info: Found this 
candidate, but 
the arguments 
don't match.
  const RoundedRec
tangleBorder({supe
r.side, 
this.borderRadius 
= BorderRadius.zer
o});
        ^^^^^^^^^^
^^^^^^^^^^^^
Error: 
Compilation 
failed.
  Command: C:\src\
flutter\bin\cache\
dart-sdk\bin\dart.
exe compile js --p
latform-binaries=C
:\src\flutter\bin\
cache\flutter_web_
sdk\kernel --invok
er=flutter_tool -D
dart.vm.product=tr
ue -DFLUTTER_WEB_U
SE_SKIA=true -DFLU
TTER_WEB_USE_SKWAS
M=false -DFLUTTER_
WEB_CANVASKIT_URL=
https://www.gstati
c.com/flutter-canv
askit/f73bfc4522dd
0bc87bbcdb4bb30880
82755c5e87/ --nati
ve-null-assertions
 --no-source-maps 
-o D:\ZEDECKLAB\co
nta-facil\.dart_to
ol\flutter_build\1
c742b524c0f125026e
4d1b88b7daf91\app.
dill --packages=D:
\ZEDECKLAB\conta-f
acil\.dart_tool\pa
ckage_config.json 
--cfe-only D:\ZEDE
CKLAB\conta-facil\
.dart_tool\flutter
_build\1c742b524c0
f125026e4d1b88b7da
f91\main.dart
#0      RunResult.
throwException (pa
ckage:flutter_tool
s/src/base/process
.dart:118:5)
#1      _DefaultPr
ocessUtils.run (pa
ckage:flutter_tool
s/src/base/process
.dart:344:19)
<asynchronous 
suspension>
#2      Dart2JSTar
get.build (package
:flutter_tools/src
/build_system/targ
ets/web.dart:201:5
)
<asynchronous 
suspension>
#3      _BuildInst
ance._invokeIntern
al (package:flutte
r_tools/src/build_
system/build_syste
m.dart:876:9)
<asynchronous 
suspension>
#4      Future.wai
t.<anonymous 
closure> (dart:asy
nc/future.dart:528
:21)
<asynchronous 
suspension>
#5      _BuildInst
ance.invokeTarget 
(package:flutter_t
ools/src/build_sys
tem/build_system.d
art:814:32)
<asynchronous 
suspension>
#6      Future.wai
t.<anonymous 
closure> (dart:asy
nc/future.dart:528
:21)
<asynchronous 
suspension>
#7      _BuildInst
ance.invokeTarget 
(package:flutter_t
ools/src/build_sys
tem/build_system.d
art:814:32)
<asynchronous 
suspension>
#8      FlutterBui
ldSystem.build (pa
ckage:flutter_tool
s/src/build_system
/build_system.dart
:637:16)
<asynchronous 
suspension>
#9      WebBuilder
.buildWeb (package
:flutter_tools/src
/web/compile.dart:
93:34)
<asynchronous 
suspension>
#10     BuildWebCo
mmand.runCommand (
package:flutter_to
ols/src/commands/b
uild_web.dart:253:
5)
<asynchronous 
suspension>
#11     FlutterCom
mand.run.<anonymou
s closure> (packag
e:flutter_tools/sr
c/runner/flutter_c
ommand.dart:1558:2
7)
<asynchronous 
suspension>
#12     AppContext
.run.<anonymous 
closure> (package:
flutter_tools/src/
base/context.dart:
154:19)
<asynchronous 
suspension>
#13     CommandRun
ner.runCommand (pa
ckage:args/command
_runner.dart:212:1
3)
<asynchronous 
suspension>
#14     FlutterCom
mandRunner.runComm
and.<anonymous 
closure> (package:
flutter_tools/src/
runner/flutter_com
mand_runner.dart:4
96:9)
<asynchronous 
suspension>
#15     AppContext
.run.<anonymous 
closure> (package:
flutter_tools/src/
base/context.dart:
154:19)
<asynchronous 
suspension>
#16     FlutterCom
mandRunner.runComm
and (package:flutt
er_tools/src/runne
r/flutter_command_
runner.dart:431:5)
<asynchronous 
suspension>
#17     
run.<anonymous clo
sure>.<anonymous 
closure> (package:
flutter_tools/runn
er.dart:98:11)
<asynchronous 
suspension>
#18     AppContext
.run.<anonymous 
closure> (package:
flutter_tools/src/
base/context.dart:
154:19)
<asynchronous 
suspension>
#19     main (pack
age:flutter_tools/
executable.dart:99
:3)
<asynchronous 
suspension>

Compiling lib\main.dart for the Web...                             43,6s
Error: Failed to 
compile 
application for 
the Web.
